// Jest Snapshot v1, https://goo.gl/fbAQLP

exports[`404 Page renders correctly 1`] = `
.emotion-1 {
  max-height: 100vh;
  max-width: 100vw;
}

.emotion-0 {
  height: 100vh;
  width: 100vw;
  display: -webkit-box;
  display: -webkit-flex;
  display: -ms-flexbox;
  display: flex;
  -webkit-box-pack: center;
  -webkit-justify-content: center;
  -ms-flex-pack: center;
  justify-content: center;
  -webkit-align-items: center;
  -webkit-box-align: center;
  -ms-flex-align: center;
  align-items: center;
  text-align: center;
  -webkit-backdrop-filter: blur(5px);
  backdrop-filter: blur(5px);
}

<section
  className="emotion-1 gatsby-image-wrapper"
  style={
    Object {
      "backgroundPosition": "center",
      "backgroundRepeat": "no-repeat",
      "backgroundSize": "cover",
      "opacity": 0.99,
      "position": "relative",
    }
  }
>
  <style
    dangerouslySetInnerHTML={
      Object {
        "__html": "
          .emotion-1:before,
          .emotion-1:after {
            content: '';
            display: block;
            position: absolute;
            width: 100%;
            height: 100%;
            top: 0;
            left: 0;
            background-color: #040e18;
            transition: opacity 0.5s ease 0.25s;
            background-position: center;
background-repeat: no-repeat;
background-size: cover;

          }
          .emotion-1:before {
            z-index: -100;
            
            
            opacity: 0; 
          }
          .emotion-1:after {
            z-index: -101;
            
            
          }
        ",
      }
    }
  />
  <noscript>
    <style
      dangerouslySetInnerHTML={
        Object {
          "__html": "
          .emotion-1:before {
            opacity: 1;
            background-image: ;
          }",
        }
      }
    />
  </noscript>
  <div
    className="emotion-0"
  >
    <div>
      <h1>
        404!
      </h1>
      <span>
        Maybe, go back to the 
        <a
          href="/"
        >
          home page
        </a>
        ?
      </span>
    </div>
  </div>
</section>
`;

exports[`404 Page renders correctly 2`] = `
Object {
  "baseTag": Array [],
  "bodyAttributes": Object {},
  "defer": true,
  "encode": true,
  "htmlAttributes": Object {
    "lang": "en",
  },
  "linkTags": Array [],
  "metaTags": Array [
    Object {
      "content": "Kepler Sticka-Jones",
      "name": "author",
    },
    Object {
      "content": undefined,
      "name": "description",
    },
    Object {
      "content": "#409040",
      "name": "theme-color",
    },
    Object {
      "content": "404! | ",
      "property": "og:title",
    },
    Object {
      "content": "website",
      "property": "og:type",
    },
    Object {
      "content": undefined,
      "property": "og:url",
    },
    Object {
      "content": "",
      "property": "og:image",
    },
    Object {
      "content": "image/jpeg",
      "property": "og:image:type",
    },
    Object {
      "content": "480",
      "property": "og:image:width",
    },
    Object {
      "content": "480",
      "property": "og:image:height",
    },
    Object {
      "content": undefined,
      "property": "og:description",
    },
    Object {
      "content": "summary",
      "name": "twitter:card",
    },
    Object {
      "content": "@undefined",
      "name": "twitter:site",
    },
    Object {
      "content": "@undefined",
      "name": "twitter:creator",
    },
    Object {
      "content": "E5D802A305BE2DD99EB4484A4B1DD90E",
      "name": "msvalidate.01",
    },
  ],
  "noscriptTags": Array [],
  "onChangeClientState": [Function],
  "scriptTags": Array [
    Object {
      "innerHTML": "{\\"@context\\":\\"http://www.schema.org\\",\\"@type\\":\\"WebPage\\",\\"name\\":\\"404! | Kepler Sticka-Jones\\"}",
      "type": "application/ld+json",
    },
  ],
  "styleTags": Array [],
  "title": "404! | ",
  "titleAttributes": Object {},
}
`;
