// Jest Snapshot v1, https://goo.gl/fbAQLP

exports[`Blog Post List Item renders correctly 1`] = `
.emotion-0:not(:last-child) {
  margin-bottom: 1.5rem;
}

<div
  className="emotion-0"
>
  <a
    href="/test"
  >
    <h2>
      Test Post
    </h2>
  </a>
  <div>
    <span>
      Published 
      December 18, 2018
    </span>
    <span>
       | 
    </span>
    <span>
      42
       words
    </span>
    <span>
       | 
    </span>
    <span>
      42
       minute read
    </span>
  </div>
  <div>
    This is a great test post.
  </div>
</div>
`;
